[Seed] Seeding test users...
[Utils] Creating user: admin@example.com...
[Seed] Users already exist, skipping.
[Runner] Starting E2E Verification Suite...
(node:5672) [DEP0190] DeprecationWarning: Passing args to a child process with shell option true can lead to security vulnerabilities, as the arguments are not escaped, only concatenated.
(Use `node --trace-deprecation ...` to show where the warning was created)
This Node.js version (v24.0.1) has not been tested with this version of Cucumber; it should work normally, but please raise an issue if you see anything unexpected.
`publishQuiet` option is no longer needed, you can remove it from your configuration; see https://github.com/cucumber/cucumber-js/blob/main/docs/deprecations.md
Failures:

1) Scenario: User posts a comment and a reply # scripts\e2e\features\comments_moderation.feature:9
   × Given I am on a seminar detail page for "Quantum Computing 101" # scripts\e2e\step_definitions\comment-steps.js:8
       page.goto: Protocol error (Page.navigate): Cannot navigate to invalid URL
       Call log:
       [2m  - navigating to "/", waiting until "load"[22m

           at CustomWorld.<anonymous> (D:\website\compscitalks\scripts\e2e\step_definitions\comment-steps.js:10:21)
   - Given I am logged in as a standard user # scripts\e2e\step_definitions\comment-steps.js:14
   - When I post a comment "This is a great seminar topic!" # scripts\e2e\step_definitions\comment-steps.js:18
   - Then the global loader should appear and disappear # scripts\e2e\step_definitions\comment-steps.js:23
   - And a success toast should be visible # scripts\e2e\step_definitions\comment-steps.js:31
   - And the comment "This is a great seminar topic!" should be visible # scripts\e2e\step_definitions\comment-steps.js:35
   - When I reply to the comment "This is a great seminar topic!" with "I agree!" # scripts\e2e\step_definitions\comment-steps.js:39
   - Then the reply "I agree!" should be visible nested under the original comment # scripts\e2e\step_definitions\comment-steps.js:44

2) Scenario: Admin moderates a comment # scripts\e2e\features\comments_moderation.feature:18
   × Given I am on a seminar detail page for "Quantum Computing 101" # scripts\e2e\step_definitions\comment-steps.js:8
       page.goto: Protocol error (Page.navigate): Cannot navigate to invalid URL
       Call log:
       [2m  - navigating to "/", waiting until "load"[22m

           at CustomWorld.<anonymous> (D:\website\compscitalks\scripts\e2e\step_definitions\comment-steps.js:10:21)
   - Given the comment "This is a great seminar topic!" exists # scripts\e2e\step_definitions\comment-steps.js:48
   - When I log in as an administrator # scripts\e2e\step_definitions\comment-steps.js:52
   - And I navigate to the moderation view for "Quantum Computing 101" # scripts\e2e\step_definitions\comment-steps.js:56
   - And I delete the comment "This is a great seminar topic!" # scripts\e2e\step_definitions\comment-steps.js:60
   - Then the comment "This is a great seminar topic!" should no longer be visible for any user # scripts\e2e\step_definitions\comment-steps.js:67

3) Scenario: Attempting to create a semester with invalid dates # scripts\e2e\features\edge_cases.feature:5
   × Given I am creating a new semester # scripts\e2e\step_definitions\edge-steps.js:6
       TypeError: Cannot read properties of undefined (reading 'locator')
           at new SemesterPage (D:\website\compscitalks\scripts\e2e\pom\semester.pom.js:5:36)
           at CustomWorld.<anonymous> (D:\website\compscitalks\scripts\e2e\step_definitions\edge-steps.js:7:17)
   - When I enter an end date that is before the start date # scripts\e2e\step_definitions\edge-steps.js:11
   - Then the "Save Semester" button should be disabled # scripts\e2e\step_definitions\edge-steps.js:17

4) Scenario: Navigation to an empty semester # scripts\e2e\features\edge_cases.feature:10
   √ Given a semester with no assigned seminars "Empty Semester" # scripts\e2e\step_definitions\edge-steps.js:22
   × When I view the portal for "Empty Semester" # scripts\e2e\step_definitions\edge-steps.js:26
       TypeError: Cannot read properties of undefined (reading 'goto')
           at CustomWorld.<anonymous> (D:\website\compscitalks\scripts\e2e\step_definitions\edge-steps.js:27:21)
   ? Then I should see a "No seminars scheduled for this semester" message.
       Undefined. Implement with the following snippet:

         Then('I should see a {string} message.', function (string) {
           // Write code here that turns the phrase above into concrete actions
           return 'pending';
         });


5) Scenario: Admin creates and activates a new semester # scripts\e2e\features\semester_management.feature:9
   × Given I am logged in as an administrator # scripts\e2e\step_definitions\semester-steps.js:8
       page.goto: Protocol error (Page.navigate): Cannot navigate to invalid URL
       Call log:
       [2m  - navigating to "/login", waiting until "load"[22m

           at NavigationPage.gotoLogin (D:\website\compscitalks\scripts\e2e\pom\navigation.pom.js:12:25)
           at login (D:\website\compscitalks\scripts\e2e\helpers\auth-helper.js:9:19)
           at CustomWorld.<anonymous> (D:\website\compscitalks\scripts\e2e\step_definitions\semester-steps.js:11:11)
   - And I am on the Admin Dashboard # scripts\e2e\step_definitions\semester-steps.js:14
   × When I navigate to the Semester Management page
       Multiple step definitions match:
         I navigate to the Semester Management page - scripts\e2e\step_definitions\semester-steps.js:19
         I navigate to the Semester Management page - scripts\e2e\step_definitions\ux-steps.js:9       
   - And I fill in the semester name as "Spring 2027" # scripts\e2e\step_definitions\semester-steps.js:24
   - And I click "Create Semester" # scripts\e2e\step_definitions\semester-steps.js:37
   - Then I should see "Spring 2027" in the semester list # scripts\e2e\step_definitions\semester-steps.js:41
   - When I click "Set Active" for "Spring 2027" # scripts\e2e\step_definitions\semester-steps.js:45
   - Then "Spring 2027" should have the active status indicator # scripts\e2e\step_definitions\semester-steps.js:50

6) Scenario: Admin adds a seminar with speakers and tags # scripts\e2e\features\seminar_management.feature:9
   × Given I am logged in as an administrator # scripts\e2e\step_definitions\semester-steps.js:8
       page.goto: Protocol error (Page.navigate): Cannot navigate to invalid URL
       Call log:
       [2m  - navigating to "/login", waiting until "load"[22m

           at NavigationPage.gotoLogin (D:\website\compscitalks\scripts\e2e\pom\navigation.pom.js:12:25)
           at login (D:\website\compscitalks\scripts\e2e\helpers\auth-helper.js:9:19)
           at CustomWorld.<anonymous> (D:\website\compscitalks\scripts\e2e\step_definitions\semester-steps.js:11:11)
   - And I have an active semester "Spring 2027" # scripts\e2e\step_definitions\seminar-steps.js:8
   - When I navigate to the Seminar Management page # scripts\e2e\step_definitions\seminar-steps.js:17
   - And I open the "Add Seminar" form # scripts\e2e\step_definitions\seminar-steps.js:21
   - And I fill in the following seminar details: # scripts\e2e\step_definitions\seminar-steps.js:26
       | title    | Quantum Computing 101 |
       | abstract | Intro to QC basics    |
       | location | Hall A                |
   - And I select speaker "Alice Smith" # scripts\e2e\step_definitions\seminar-steps.js:34
   - And I add tag "Physics" # scripts\e2e\step_definitions\seminar-steps.js:39
   - And I click "Save Seminar" # scripts\e2e\step_definitions\seminar-steps.js:44
   - Then I should see "Quantum Computing 101" in the seminar list # scripts\e2e\step_definitions\seminar-steps.js:49
   - And I should see it in the public portal for "Spring 2027" # scripts\e2e\step_definitions\seminar-steps.js:54

7) Scenario: Admin updates an existing seminar # scripts\e2e\features\seminar_management.feature:22
   × Given I am logged in as an administrator # scripts\e2e\step_definitions\semester-steps.js:8
       page.goto: Protocol error (Page.navigate): Cannot navigate to invalid URL
       Call log:
       [2m  - navigating to "/login", waiting until "load"[22m

           at NavigationPage.gotoLogin (D:\website\compscitalks\scripts\e2e\pom\navigation.pom.js:12:25)
           at login (D:\website\compscitalks\scripts\e2e\helpers\auth-helper.js:9:19)
           at CustomWorld.<anonymous> (D:\website\compscitalks\scripts\e2e\step_definitions\semester-steps.js:11:11)
   - And I have an active semester "Spring 2027" # scripts\e2e\step_definitions\seminar-steps.js:8
   - Given there is an existing seminar "Quantum Computing 101" # scripts\e2e\step_definitions\seminar-steps.js:61
   - When I edit the seminar "Quantum Computing 101" # scripts\e2e\step_definitions\seminar-steps.js:65
   - And I change the location to "Virtual" # scripts\e2e\step_definitions\seminar-steps.js:70
   - And I save the changes # scripts\e2e\step_definitions\seminar-steps.js:75
   - Then the seminar "Quantum Computing 101" location should be "Virtual" # scripts\e2e\step_definitions\seminar-steps.js:80

8) Scenario: Global loader is visible during navigation # scripts\e2e\features\ux_feedback.feature:5
   × When I navigate to the Semester Management page
       Multiple step definitions match:
         I navigate to the Semester Management page - scripts\e2e\step_definitions\semester-steps.js:19
         I navigate to the Semester Management page - scripts\e2e\step_definitions\ux-steps.js:9       
   - Then the global loader should appear and disappear # scripts\e2e\step_definitions\comment-steps.js:23

9) Scenario: Success toast is visible after action # scripts\e2e\features\ux_feedback.feature:9
   × Given I am logged in as an administrator # scripts\e2e\step_definitions\semester-steps.js:8
       page.goto: Protocol error (Page.navigate): Cannot navigate to invalid URL
       Call log:
       [2m  - navigating to "/login", waiting until "load"[22m

           at NavigationPage.gotoLogin (D:\website\compscitalks\scripts\e2e\pom\navigation.pom.js:12:25)
           at login (D:\website\compscitalks\scripts\e2e\helpers\auth-helper.js:9:19)
           at CustomWorld.<anonymous> (D:\website\compscitalks\scripts\e2e\step_definitions\semester-steps.js:11:11)
   - And I am on the Admin Dashboard # scripts\e2e\step_definitions\semester-steps.js:14
   - When I create a new semester named "Temp Semester" # scripts\e2e\step_definitions\semester-steps.js:31
   - Then a success toast should be visible # scripts\e2e\step_definitions\comment-steps.js:31

9 scenarios (8 failed, 1 ambiguous)
51 steps (8 failed, 2 ambiguous, 1 undefined, 39 skipped, 1 passed)
0m01.421s (executing steps: 0m01.374s)
[Runner] Tests finished with code 4294967295
